Device: cuda
Kinetics-400 val: 19877 videos, using first 25

============================================================
BASELINE (VideoMAE, full compute on all clips)
============================================================
  [baseline] video 1/25 top1=100.00% top5=100.00%
  [baseline] video 2/25 top1=100.00% top5=100.00%
  [baseline] video 3/25 top1=100.00% top5=100.00%
  [baseline] video 4/25 top1=100.00% top5=100.00%
  [baseline] video 5/25 top1=100.00% top5=100.00%
  [baseline] video 6/25 top1=83.33% top5=100.00%
  [baseline] video 7/25 top1=85.71% top5=100.00%
  [baseline] video 8/25 top1=87.50% top5=100.00%
  [baseline] video 9/25 top1=77.78% top5=100.00%
  [baseline] video 10/25 top1=80.00% top5=100.00%
  [baseline] video 11/25 top1=81.82% top5=100.00%
  [baseline] video 12/25 top1=83.33% top5=100.00%
  [baseline] video 13/25 top1=84.62% top5=100.00%
  [baseline] video 14/25 top1=78.57% top5=92.86%
  [baseline] video 15/25 top1=80.00% top5=93.33%
  [baseline] video 16/25 top1=81.25% top5=93.75%
  [baseline] video 17/25 top1=82.35% top5=94.12%
  [baseline] video 18/25 top1=83.33% top5=94.44%
  [baseline] video 19/25 top1=84.21% top5=94.74%
  [baseline] video 20/25 top1=85.00% top5=95.00%
  [baseline] video 21/25 top1=85.71% top5=95.24%
  [baseline] video 22/25 top1=81.82% top5=90.91%
  [baseline] video 23/25 top1=82.61% top5=91.30%
  [baseline] video 24/25 top1=83.33% top5=91.67%
  [baseline] video 25/25 top1=84.00% top5=92.00%

============================================================
TBKV (1 caching clip + 1 matching clip(s), r_match=0.6)
============================================================
  [tbkv] video 1/25 top1=100.00% top5=100.00%
  [tbkv] video 2/25 top1=100.00% top5=100.00%
  [tbkv] video 3/25 top1=100.00% top5=100.00%
  [tbkv] video 4/25 top1=100.00% top5=100.00%
  [tbkv] video 5/25 top1=100.00% top5=100.00%
  [tbkv] video 6/25 top1=83.33% top5=83.33%
  [tbkv] video 7/25 top1=85.71% top5=85.71%
  [tbkv] video 8/25 top1=87.50% top5=87.50%
  [tbkv] video 9/25 top1=77.78% top5=88.89%
  [tbkv] video 10/25 top1=80.00% top5=90.00%
  [tbkv] video 11/25 top1=81.82% top5=90.91%
  [tbkv] video 12/25 top1=83.33% top5=91.67%
  [tbkv] video 13/25 top1=84.62% top5=92.31%
  [tbkv] video 14/25 top1=78.57% top5=85.71%
  [tbkv] video 15/25 top1=80.00% top5=86.67%
  [tbkv] video 16/25 top1=81.25% top5=87.50%
  [tbkv] video 17/25 top1=82.35% top5=88.24%
  [tbkv] video 18/25 top1=83.33% top5=88.89%
  [tbkv] video 19/25 top1=84.21% top5=89.47%
  [tbkv] video 20/25 top1=85.00% top5=90.00%
  [tbkv] video 21/25 top1=85.71% top5=90.48%
  [tbkv] video 22/25 top1=81.82% top5=86.36%
  [tbkv] video 23/25 top1=82.61% top5=86.96%
  [tbkv] video 24/25 top1=83.33% top5=87.50%
  [tbkv] video 25/25 top1=84.00% top5=88.00%

============================================================
SUMMARY
============================================================
Videos: 25 | clips/video: 2 x 16 frames | r_match: 0.6

Baseline top1: 84.00%  top5: 92.00%
TBKV     top1: 84.00%  top5: 88.00%

Baseline FLOPs/clip: 180.51 G
TBKV caching FLOPs/clip: 180.51 G
TBKV matching FLOPs/clip: 104.86 G
Baseline FLOPs/video: 361.01 G
TBKV FLOPs/video: 285.37 G

FLOP reduction (matching clips vs baseline): 41.9%
FLOP reduction (whole video): 21.0%

KV linear FLOPs saved per matching clip: 4.50 G
Baseline runtime: 3.6s | TBKV runtime: 3.8s

Results saved to results/evaluate/videomae_kinetics400/tbkv-n_items=25-clips=2-r_match=0.6/
