  0% 0/10 [00:00<?, ?it/s] 10% 1/10 [00:16<02:30, 16.76s/it] 20% 2/10 [00:24<01:31, 11.44s/it] 30% 3/10 [00:47<01:58, 16.86s/it] 40% 4/10 [01:16<02:08, 21.37s/it] 50% 5/10 [01:36<01:45, 21.09s/it] 60% 6/10 [02:10<01:41, 25.40s/it] 70% 7/10 [02:39<01:19, 26.54s/it] 80% 8/10 [03:04<00:51, 25.97s/it] 90% 9/10 [03:30<00:26, 26.21s/it][  10/10]  Top-1: 50.0%  Top-5: 90.0%  Matching linear_flops: 1.271e+12
100% 10/10 [03:56<00:00, 26.10s/it]100% 10/10 [03:56<00:00, 23.67s/it]
Evaluation
Quadro RTX 6000

Videos evaluated: 10

================
  CACHING PASS
================
  Frames used for caching : 16
  FLOPs breakdown (caching mechanism, avg per video):
    add_flops:    3.171e+08
    bias_flops:   1.043e+09
    linear_flops: 1.133e+12
    matmul_flops: 3.115e+10
  Total GFLOPs (caching, for completeness only): 1165.43

  Per-block stats  (averaged over caching frames × videos):
    [spatial_model.backbone.blocks.0]
      avg foreground tokens          : 0.0
      avg background tokens          : 196.0
      cached tokens (total, final)   : 1632
      avg merged tokens added/frame  : 129.5
      avg merge factor  (bg→merged)  : 1.70x
      cache K+V memory               : 10.027 MB
    [spatial_model.backbone.blocks.1]
      avg foreground tokens          : 0.0
      avg background tokens          : 129.5
      cached tokens (total, final)   : 1404
      avg merged tokens added/frame  : 114.0
      avg merge factor  (bg→merged)  : 1.31x
      cache K+V memory               : 8.626 MB
    [spatial_model.backbone.blocks.2]
      avg foreground tokens          : 0.0
      avg background tokens          : 114.0
      cached tokens (total, final)   : 1356
      avg merged tokens added/frame  : 111.1
      avg merge factor  (bg→merged)  : 1.08x
      cache K+V memory               : 8.331 MB
    [spatial_model.backbone.blocks.3]
      avg foreground tokens          : 0.0
      avg background tokens          : 111.1
      cached tokens (total, final)   : 1308
      avg merged tokens added/frame  : 108.0
      avg merge factor  (bg→merged)  : 1.05x
      cache K+V memory               : 8.036 MB
    [spatial_model.backbone.blocks.4]
      avg foreground tokens          : 0.0
      avg background tokens          : 108.0
      cached tokens (total, final)   : 1236
      avg merged tokens added/frame  : 102.1
      avg merge factor  (bg→merged)  : 1.06x
      cache K+V memory               : 7.594 MB
    [spatial_model.backbone.blocks.5]
      avg foreground tokens          : 0.0
      avg background tokens          : 102.1
      cached tokens (total, final)   : 1080
      avg merged tokens added/frame  : 92.9
      avg merge factor  (bg→merged)  : 1.11x
      cache K+V memory               : 6.636 MB
    [spatial_model.backbone.blocks.6]
      avg foreground tokens          : 0.0
      avg background tokens          : 92.9
      cached tokens (total, final)   : 876
      avg merged tokens added/frame  : 77.2
      avg merge factor  (bg→merged)  : 1.21x
      cache K+V memory               : 5.382 MB
    [spatial_model.backbone.blocks.7]
      avg foreground tokens          : 0.0
      avg background tokens          : 77.2
      cached tokens (total, final)   : 756
      avg merged tokens added/frame  : 64.0
      avg merge factor  (bg→merged)  : 1.22x
      cache K+V memory               : 4.645 MB
    [spatial_model.backbone.blocks.8]
      avg foreground tokens          : 0.0
      avg background tokens          : 64.0
      cached tokens (total, final)   : 672
      avg merged tokens added/frame  : 51.4
      avg merge factor  (bg→merged)  : 1.24x
      cache K+V memory               : 4.129 MB
    [spatial_model.backbone.blocks.9]
      avg foreground tokens          : 0.0
      avg background tokens          : 51.4
      cached tokens (total, final)   : 612
      avg merged tokens added/frame  : 42.8
      avg merge factor  (bg→merged)  : 1.19x
      cache K+V memory               : 3.760 MB
    [spatial_model.backbone.blocks.10]
      avg foreground tokens          : 0.0
      avg background tokens          : 42.8
      cached tokens (total, final)   : 540
      avg merged tokens added/frame  : 36.8
      avg merge factor  (bg→merged)  : 1.15x
      cache K+V memory               : 3.318 MB
    [spatial_model.backbone.blocks.11]
      avg foreground tokens          : 0.0
      avg background tokens          : 36.8
      cached tokens (total, final)   : 420
      avg merged tokens added/frame  : 30.1
      avg merge factor  (bg→merged)  : 1.23x
      cache K+V memory               : 2.580 MB

=================
  MATCHING PASS
=================
  Top-1 Accuracy              : 50.00%
  Top-5 Accuracy              : 90.00%

  FLOPs breakdown (matching pass, avg per video):
    add_flops:    3.463e+08
    bias_flops:   1.18e+09
    linear_flops: 1.271e+12
    matmul_flops: 3.56e+10
  Total GFLOPs (MATCHING = reported metric)    : 1308.33

  Matching algorithm FLOPs    : 1.5617e+08
  KV FLOPs saved vs. baseline : 2.2814e+12
  Net FLOPs savings           : 2.2812e+12

  Per-frame projection terms (matching pass):
    avg matching frames/video : 211.90
    KV FLOPs saved / frame    : 1.0766e+10
    matching cost FLOPs/frame : 7.3698e+05
    net FLOPs savings / frame : 1.0766e+10
    projection formula         : net_saved(F) = F * net_saved_per_frame

  Per-block stats  (averaged over matching frames × videos):
    [spatial_model.backbone.blocks.0]
      avg tokens matched (bg reused)   : 1226.5
      avg cache entries used            : 1226.5
      avg final tokens (fg+bg+cached)  : 1624.8
    [spatial_model.backbone.blocks.1]
      avg tokens matched (bg reused)   : 1215.0
      avg cache entries used            : 1215.0
      avg final tokens (fg+bg+cached)  : 1465.3
    [spatial_model.backbone.blocks.2]
      avg tokens matched (bg reused)   : 1171.4
      avg cache entries used            : 1171.4
      avg final tokens (fg+bg+cached)  : 1440.8
    [spatial_model.backbone.blocks.3]
      avg tokens matched (bg reused)   : 1150.5
      avg cache entries used            : 1150.5
      avg final tokens (fg+bg+cached)  : 1408.7
    [spatial_model.backbone.blocks.4]
      avg tokens matched (bg reused)   : 1091.2
      avg cache entries used            : 1091.2
      avg final tokens (fg+bg+cached)  : 1348.3
    [spatial_model.backbone.blocks.5]
      avg tokens matched (bg reused)   : 1001.2
      avg cache entries used            : 1001.2
      avg final tokens (fg+bg+cached)  : 1239.2
    [spatial_model.backbone.blocks.6]
      avg tokens matched (bg reused)   : 848.1
      avg cache entries used            : 848.1
      avg final tokens (fg+bg+cached)  : 1058.4
    [spatial_model.backbone.blocks.7]
      avg tokens matched (bg reused)   : 699.7
      avg cache entries used            : 699.7
      avg final tokens (fg+bg+cached)  : 881.2
    [spatial_model.backbone.blocks.8]
      avg tokens matched (bg reused)   : 552.3
      avg cache entries used            : 552.3
      avg final tokens (fg+bg+cached)  : 710.5
    [spatial_model.backbone.blocks.9]
      avg tokens matched (bg reused)   : 445.2
      avg cache entries used            : 445.2
      avg final tokens (fg+bg+cached)  : 587.2
    [spatial_model.backbone.blocks.10]
      avg tokens matched (bg reused)   : 372.4
      avg cache entries used            : 372.4
      avg final tokens (fg+bg+cached)  : 507.6
    [spatial_model.backbone.blocks.11]
      avg tokens matched (bg reused)   : 299.3
      avg cache entries used            : 299.3
      avg final tokens (fg+bg+cached)  : 436.9


