  0% 0/10 [00:00<?, ?it/s] 10% 1/10 [00:17<02:39, 17.72s/it] 20% 2/10 [00:27<01:44, 13.01s/it] 30% 3/10 [00:51<02:04, 17.83s/it] 40% 4/10 [01:20<02:14, 22.36s/it] 50% 5/10 [01:42<01:51, 22.33s/it] 60% 6/10 [02:16<01:45, 26.26s/it] 70% 7/10 [02:45<01:21, 27.28s/it] 80% 8/10 [03:10<00:52, 26.29s/it] 90% 9/10 [03:37<00:26, 26.60s/it][  10/10]  Top-1: 70.0%  Top-5: 100.0%  Matching linear_flops: 1.282e+12
100% 10/10 [04:03<00:00, 26.54s/it]100% 10/10 [04:03<00:00, 24.37s/it]
Evaluation
Quadro RTX 6000

Videos evaluated: 10

================
  CACHING PASS
================
  Frames used for caching : 16
  FLOPs breakdown (caching mechanism, avg per video):
    add_flops:    3.177e+08
    bias_flops:   1.05e+09
    linear_flops: 1.138e+12
    matmul_flops: 3.167e+10
  Total GFLOPs (caching, for completeness only): 1171.48

  Per-block stats  (averaged over caching frames × videos):
    [spatial_model.backbone.blocks.0]
      avg foreground tokens          : 0.0
      avg background tokens          : 196.0
      cached tokens (total, final)   : 1776
      avg merged tokens added/frame  : 151.4
      avg merge factor  (bg→merged)  : 1.33x
      cache K+V memory               : 10.912 MB
    [spatial_model.backbone.blocks.1]
      avg foreground tokens          : 0.0
      avg background tokens          : 151.4
      cached tokens (total, final)   : 1500
      avg merged tokens added/frame  : 123.5
      avg merge factor  (bg→merged)  : 1.28x
      cache K+V memory               : 9.216 MB
    [spatial_model.backbone.blocks.2]
      avg foreground tokens          : 0.0
      avg background tokens          : 123.5
      cached tokens (total, final)   : 1344
      avg merged tokens added/frame  : 113.0
      avg merge factor  (bg→merged)  : 1.15x
      cache K+V memory               : 8.258 MB
    [spatial_model.backbone.blocks.3]
      avg foreground tokens          : 0.0
      avg background tokens          : 113.0
      cached tokens (total, final)   : 1260
      avg merged tokens added/frame  : 106.3
      avg merge factor  (bg→merged)  : 1.12x
      cache K+V memory               : 7.741 MB
    [spatial_model.backbone.blocks.4]
      avg foreground tokens          : 0.0
      avg background tokens          : 106.3
      cached tokens (total, final)   : 1176
      avg merged tokens added/frame  : 98.7
      avg merge factor  (bg→merged)  : 1.11x
      cache K+V memory               : 7.225 MB
    [spatial_model.backbone.blocks.5]
      avg foreground tokens          : 0.0
      avg background tokens          : 98.7
      cached tokens (total, final)   : 1008
      avg merged tokens added/frame  : 88.3
      avg merge factor  (bg→merged)  : 1.14x
      cache K+V memory               : 6.193 MB
    [spatial_model.backbone.blocks.6]
      avg foreground tokens          : 0.0
      avg background tokens          : 88.3
      cached tokens (total, final)   : 876
      avg merged tokens added/frame  : 75.7
      avg merge factor  (bg→merged)  : 1.19x
      cache K+V memory               : 5.382 MB
    [spatial_model.backbone.blocks.7]
      avg foreground tokens          : 0.0
      avg background tokens          : 75.7
      cached tokens (total, final)   : 696
      avg merged tokens added/frame  : 61.8
      avg merge factor  (bg→merged)  : 1.23x
      cache K+V memory               : 4.276 MB
    [spatial_model.backbone.blocks.8]
      avg foreground tokens          : 0.0
      avg background tokens          : 61.8
      cached tokens (total, final)   : 624
      avg merged tokens added/frame  : 49.2
      avg merge factor  (bg→merged)  : 1.25x
      cache K+V memory               : 3.834 MB
    [spatial_model.backbone.blocks.9]
      avg foreground tokens          : 0.0
      avg background tokens          : 49.2
      cached tokens (total, final)   : 516
      avg merged tokens added/frame  : 39.4
      avg merge factor  (bg→merged)  : 1.24x
      cache K+V memory               : 3.170 MB
    [spatial_model.backbone.blocks.10]
      avg foreground tokens          : 0.0
      avg background tokens          : 39.4
      cached tokens (total, final)   : 480
      avg merged tokens added/frame  : 30.9
      avg merge factor  (bg→merged)  : 1.25x
      cache K+V memory               : 2.949 MB
    [spatial_model.backbone.blocks.11]
      avg foreground tokens          : 0.0
      avg background tokens          : 30.9
      cached tokens (total, final)   : 348
      avg merged tokens added/frame  : 24.2
      avg merge factor  (bg→merged)  : 1.26x
      cache K+V memory               : 2.138 MB

=================
  MATCHING PASS
=================
  Top-1 Accuracy              : 70.00%
  Top-5 Accuracy              : 100.00%

  FLOPs breakdown (matching pass, avg per video):
    add_flops:    3.459e+08
    bias_flops:   1.194e+09
    linear_flops: 1.282e+12
    matmul_flops: 3.592e+10
  Total GFLOPs (MATCHING = reported metric)    : 1319.49

  Matching algorithm FLOPs    : 1.5593e+08
  KV FLOPs saved vs. baseline : 2.1255e+12
  Net FLOPs savings           : 2.1253e+12

  Per-frame projection terms (matching pass):
    avg matching frames/video : 211.90
    KV FLOPs saved / frame    : 1.0031e+10
    matching cost FLOPs/frame : 7.3588e+05
    net FLOPs savings / frame : 1.0030e+10
    projection formula         : net_saved(F) = F * net_saved_per_frame

  Per-block stats  (averaged over matching frames × videos):
    [spatial_model.backbone.blocks.0]
      avg tokens matched (bg reused)   : 1382.8
      avg cache entries used            : 1382.8
      avg final tokens (fg+bg+cached)  : 1855.7
    [spatial_model.backbone.blocks.1]
      avg tokens matched (bg reused)   : 1238.6
      avg cache entries used            : 1238.6
      avg final tokens (fg+bg+cached)  : 1558.0
    [spatial_model.backbone.blocks.2]
      avg tokens matched (bg reused)   : 1118.4
      avg cache entries used            : 1118.4
      avg final tokens (fg+bg+cached)  : 1456.7
    [spatial_model.backbone.blocks.3]
      avg tokens matched (bg reused)   : 1060.5
      avg cache entries used            : 1060.5
      avg final tokens (fg+bg+cached)  : 1386.6
    [spatial_model.backbone.blocks.4]
      avg tokens matched (bg reused)   : 985.5
      avg cache entries used            : 985.5
      avg final tokens (fg+bg+cached)  : 1307.2
    [spatial_model.backbone.blocks.5]
      avg tokens matched (bg reused)   : 892.3
      avg cache entries used            : 892.3
      avg final tokens (fg+bg+cached)  : 1193.3
    [spatial_model.backbone.blocks.6]
      avg tokens matched (bg reused)   : 751.2
      avg cache entries used            : 751.2
      avg final tokens (fg+bg+cached)  : 1022.5
    [spatial_model.backbone.blocks.7]
      avg tokens matched (bg reused)   : 606.2
      avg cache entries used            : 606.2
      avg final tokens (fg+bg+cached)  : 841.9
    [spatial_model.backbone.blocks.8]
      avg tokens matched (bg reused)   : 476.6
      avg cache entries used            : 476.6
      avg final tokens (fg+bg+cached)  : 684.0
    [spatial_model.backbone.blocks.9]
      avg tokens matched (bg reused)   : 366.7
      avg cache entries used            : 366.7
      avg final tokens (fg+bg+cached)  : 548.9
    [spatial_model.backbone.blocks.10]
      avg tokens matched (bg reused)   : 286.4
      avg cache entries used            : 286.4
      avg final tokens (fg+bg+cached)  : 454.2
    [spatial_model.backbone.blocks.11]
      avg tokens matched (bg reused)   : 219.2
      avg cache entries used            : 219.2
      avg final tokens (fg+bg+cached)  : 380.7


