  0% 0/10 [00:00<?, ?it/s] 10% 1/10 [00:10<01:38, 10.90s/it] 20% 2/10 [00:16<01:03,  7.95s/it] 30% 3/10 [00:33<01:22, 11.74s/it] 40% 4/10 [00:53<01:30, 15.04s/it] 50% 5/10 [01:08<01:15, 15.16s/it] 60% 6/10 [01:32<01:13, 18.33s/it] 70% 7/10 [01:52<00:56, 18.67s/it] 80% 8/10 [02:09<00:36, 18.12s/it] 90% 9/10 [02:28<00:18, 18.47s/it][  10/10]  Top-1: 40.0%  Top-5: 80.0%  Matching linear_flops: 8.217e+11
100% 10/10 [02:47<00:00, 18.68s/it]100% 10/10 [02:47<00:00, 16.77s/it]
Evaluation
Quadro RTX 6000

Videos evaluated: 10

================
  CACHING PASS
================
  Frames used for caching : 16
  FLOPs breakdown (caching mechanism, avg per video):
    add_flops:    2.022e+08
    bias_flops:   6.364e+08
    linear_flops: 6.881e+11
    matmul_flops: 1.234e+10
  Total GFLOPs (caching, for completeness only): 701.26

  Per-block stats  (averaged over caching frames × videos):
    [spatial_model.backbone.blocks.0]
      avg foreground tokens          : 0.0
      avg background tokens          : 196.0
      cached tokens (total, final)   : 1308
      avg merged tokens added/frame  : 102.6
      avg merge factor  (bg→merged)  : 2.08x
      cache K+V memory               : 8.036 MB
    [spatial_model.backbone.blocks.1]
      avg foreground tokens          : 0.0
      avg background tokens          : 102.6
      cached tokens (total, final)   : 1044
      avg merged tokens added/frame  : 74.9
      avg merge factor  (bg→merged)  : 1.57x
      cache K+V memory               : 6.414 MB
    [spatial_model.backbone.blocks.2]
      avg foreground tokens          : 0.0
      avg background tokens          : 74.9
      cached tokens (total, final)   : 996
      avg merged tokens added/frame  : 68.2
      avg merge factor  (bg→merged)  : 1.23x
      cache K+V memory               : 6.119 MB
    [spatial_model.backbone.blocks.3]
      avg foreground tokens          : 0.0
      avg background tokens          : 68.2
      cached tokens (total, final)   : 900
      avg merged tokens added/frame  : 63.1
      avg merge factor  (bg→merged)  : 1.17x
      cache K+V memory               : 5.530 MB
    [spatial_model.backbone.blocks.4]
      avg foreground tokens          : 0.0
      avg background tokens          : 63.1
      cached tokens (total, final)   : 792
      avg merged tokens added/frame  : 58.5
      avg merge factor  (bg→merged)  : 1.08x
      cache K+V memory               : 4.866 MB
    [spatial_model.backbone.blocks.5]
      avg foreground tokens          : 0.0
      avg background tokens          : 58.5
      cached tokens (total, final)   : 636
      avg merged tokens added/frame  : 49.8
      avg merge factor  (bg→merged)  : 1.19x
      cache K+V memory               : 3.908 MB
    [spatial_model.backbone.blocks.6]
      avg foreground tokens          : 0.0
      avg background tokens          : 49.8
      cached tokens (total, final)   : 480
      avg merged tokens added/frame  : 39.9
      avg merge factor  (bg→merged)  : 1.24x
      cache K+V memory               : 2.949 MB
    [spatial_model.backbone.blocks.7]
      avg foreground tokens          : 0.0
      avg background tokens          : 39.9
      cached tokens (total, final)   : 396
      avg merged tokens added/frame  : 32.0
      avg merge factor  (bg→merged)  : 1.22x
      cache K+V memory               : 2.433 MB
    [spatial_model.backbone.blocks.8]
      avg foreground tokens          : 0.0
      avg background tokens          : 32.0
      cached tokens (total, final)   : 312
      avg merged tokens added/frame  : 25.6
      avg merge factor  (bg→merged)  : 1.23x
      cache K+V memory               : 1.917 MB
    [spatial_model.backbone.blocks.9]
      avg foreground tokens          : 0.0
      avg background tokens          : 25.6
      cached tokens (total, final)   : 240
      avg merged tokens added/frame  : 21.1
      avg merge factor  (bg→merged)  : 1.19x
      cache K+V memory               : 1.475 MB
    [spatial_model.backbone.blocks.10]
      avg foreground tokens          : 0.0
      avg background tokens          : 21.1
      cached tokens (total, final)   : 180
      avg merged tokens added/frame  : 18.4
      avg merge factor  (bg→merged)  : 1.14x
      cache K+V memory               : 1.106 MB
    [spatial_model.backbone.blocks.11]
      avg foreground tokens          : 0.0
      avg background tokens          : 18.4
      cached tokens (total, final)   : 180
      avg merged tokens added/frame  : 16.2
      avg merge factor  (bg→merged)  : 1.14x
      cache K+V memory               : 1.106 MB

=================
  MATCHING PASS
=================
  Top-1 Accuracy              : 40.00%
  Top-5 Accuracy              : 80.00%

  FLOPs breakdown (matching pass, avg per video):
    add_flops:    2.276e+08
    bias_flops:   7.723e+08
    linear_flops: 8.217e+11
    matmul_flops: 1.532e+10
  Total GFLOPs (MATCHING = reported metric)    : 838.06

  Matching algorithm FLOPs    : 9.6816e+07
  KV FLOPs saved vs. baseline : 1.1112e+12
  Net FLOPs savings           : 1.1111e+12

  Per-frame projection terms (matching pass):
    avg matching frames/video : 211.90
    KV FLOPs saved / frame    : 5.2442e+09
    matching cost FLOPs/frame : 4.5689e+05
    net FLOPs savings / frame : 5.2437e+09
    projection formula         : net_saved(F) = F * net_saved_per_frame

  Per-block stats  (averaged over matching frames × videos):
    [spatial_model.backbone.blocks.0]
      avg tokens matched (bg reused)   : 873.4
      avg cache entries used            : 873.4
      avg final tokens (fg+bg+cached)  : 1318.2
    [spatial_model.backbone.blocks.1]
      avg tokens matched (bg reused)   : 717.9
      avg cache entries used            : 717.9
      avg final tokens (fg+bg+cached)  : 1014.4
    [spatial_model.backbone.blocks.2]
      avg tokens matched (bg reused)   : 644.2
      avg cache entries used            : 644.2
      avg final tokens (fg+bg+cached)  : 950.7
    [spatial_model.backbone.blocks.3]
      avg tokens matched (bg reused)   : 597.6
      avg cache entries used            : 597.6
      avg final tokens (fg+bg+cached)  : 894.7
    [spatial_model.backbone.blocks.4]
      avg tokens matched (bg reused)   : 530.6
      avg cache entries used            : 530.6
      avg final tokens (fg+bg+cached)  : 821.1
    [spatial_model.backbone.blocks.5]
      avg tokens matched (bg reused)   : 443.9
      avg cache entries used            : 443.9
      avg final tokens (fg+bg+cached)  : 714.4
    [spatial_model.backbone.blocks.6]
      avg tokens matched (bg reused)   : 335.4
      avg cache entries used            : 335.4
      avg final tokens (fg+bg+cached)  : 567.1
    [spatial_model.backbone.blocks.7]
      avg tokens matched (bg reused)   : 250.3
      avg cache entries used            : 250.3
      avg final tokens (fg+bg+cached)  : 448.6
    [spatial_model.backbone.blocks.8]
      avg tokens matched (bg reused)   : 184.9
      avg cache entries used            : 184.9
      avg final tokens (fg+bg+cached)  : 358.2
    [spatial_model.backbone.blocks.9]
      avg tokens matched (bg reused)   : 139.7
      avg cache entries used            : 139.7
      avg final tokens (fg+bg+cached)  : 296.7
    [spatial_model.backbone.blocks.10]
      avg tokens matched (bg reused)   : 108.7
      avg cache entries used            : 108.7
      avg final tokens (fg+bg+cached)  : 260.5
    [spatial_model.backbone.blocks.11]
      avg tokens matched (bg reused)   : 79.8
      avg cache entries used            : 79.8
      avg final tokens (fg+bg+cached)  : 234.4


